--- LinkedIn Enterprise Connect Real-Time Audit ---

Checking Account: af105e53-eacf-4848-a7dd-c19a6c798de1 (Status: active)
Enterprise Mode: ENABLED Γ£à
Decrypting credentials for test...
Client ID (Masked): 78gb...
Successfully reached LinkedIn API as: undefined undefined (JKxLQXkKlZ)
Real-time access test: SUCCESS Γ£à
